// Jest Snapshot v1, https://goo.gl/fbAQLP

exports[`SampleReducerContainer without props Should match snapshot 1`] = `<Connect(SampleReducerContainer) />`;
