// Jest Snapshot v1, https://goo.gl/fbAQLP

exports[`Spinner without props Should match snapshot 1`] = `
<styled.div>
  <styled.div />
  <styled.p>
    Loading
  </styled.p>
</styled.div>
`;
